#! /c/Source/iverilog-install/bin/vvp
:ivl_version "12.0 (devel)" "(s20150603-1539-g2693dd32b)";
:ivl_delay_selection "TYPICAL";
:vpi_time_precision + 0;
:vpi_module "C:\iverilog\lib\ivl\system.vpi";
:vpi_module "C:\iverilog\lib\ivl\vhdl_sys.vpi";
:vpi_module "C:\iverilog\lib\ivl\vhdl_textio.vpi";
:vpi_module "C:\iverilog\lib\ivl\v2005_math.vpi";
:vpi_module "C:\iverilog\lib\ivl\va_math.vpi";
S_000001e5624f6030 .scope module, "free" "free" 2 1;
 .timescale 0 0;
L_000001e5625cbef8 .functor BUFT 1, C4<000111>, C4<0>, C4<0>, C4<0>;
v000001e562585c00_0 .net "line", 5 0, L_000001e5625cbef8;  1 drivers
v000001e5624f61c0_0 .net "line2", 2 0, L_000001e5624f6260;  1 drivers
L_000001e5624f6260 .part L_000001e5625cbef8, 0, 3;
    .scope S_000001e5624f6030;
T_0 ;
    %vpi_call 2 11 "$display", "%b", v000001e5624f61c0_0 {0 0 0};
    %end;
    .thread T_0;
# The file index is used to find the file name in the following table.
:file_names 3;
    "N/A";
    "<interactive>";
    ".\free_test.v";
